> Task :jmods:app:preBuild UP-TO-DATE
> Task :jmods:app:preDebugBuild UP-TO-DATE
> Task :jmods:app:mergeDebugNativeDebugMetadata NO-SOURCE
> Task :jmods:app:checkKotlinGradlePluginConfigurationErrors SKIPPED
> Task :jmods:core-auth:preBuild UP-TO-DATE
> Task :jmods:core-auth:preDebugBuild UP-TO-DATE
> Task :jmods:core-auth:writeDebugAarMetadata UP-TO-DATE
> Task :jmods:core-data:preBuild UP-TO-DATE
> Task :jmods:core-data:preDebugBuild UP-TO-DATE
> Task :jmods:core-data:writeDebugAarMetadata UP-TO-DATE
> Task :jmods:core-database:preBuild UP-TO-DATE
> Task :jmods:core-database:preDebugBuild UP-TO-DATE
> Task :jmods:core-database:writeDebugAarMetadata UP-TO-DATE
> Task :jmods:core-domain:preBuild UP-TO-DATE
> Task :jmods:core-domain:preDebugBuild UP-TO-DATE
> Task :jmods:core-domain:writeDebugAarMetadata UP-TO-DATE
> Task :jmods:core-installer:preBuild UP-TO-DATE
> Task :jmods:core-installer:preDebugBuild UP-TO-DATE
> Task :jmods:core-installer:writeDebugAarMetadata UP-TO-DATE
> Task :jmods:core-navigation:preBuild UP-TO-DATE
> Task :jmods:core-navigation:preDebugBuild UP-TO-DATE
> Task :jmods:core-navigation:writeDebugAarMetadata UP-TO-DATE
> Task :jmods:core-network:preBuild UP-TO-DATE
> Task :jmods:core-network:preDebugBuild UP-TO-DATE
> Task :jmods:core-network:writeDebugAarMetadata UP-TO-DATE
> Task :jmods:core-ui:preBuild UP-TO-DATE
> Task :jmods:core-ui:preDebugBuild UP-TO-DATE
> Task :jmods:core-ui:writeDebugAarMetadata UP-TO-DATE
> Task :jmods:feature-categories:preBuild UP-TO-DATE
> Task :jmods:feature-categories:preDebugBuild UP-TO-DATE
> Task :jmods:feature-categories:writeDebugAarMetadata UP-TO-DATE
> Task :jmods:feature-details:preBuild UP-TO-DATE
> Task :jmods:feature-details:preDebugBuild UP-TO-DATE
> Task :jmods:feature-details:writeDebugAarMetadata UP-TO-DATE
> Task :jmods:feature-home:preBuild UP-TO-DATE
> Task :jmods:feature-home:preDebugBuild UP-TO-DATE
> Task :jmods:feature-home:writeDebugAarMetadata UP-TO-DATE
> Task :jmods:feature-search:preBuild UP-TO-DATE
> Task :jmods:feature-search:preDebugBuild UP-TO-DATE
> Task :jmods:feature-search:writeDebugAarMetadata UP-TO-DATE
> Task :jmods:feature-updates:preBuild UP-TO-DATE
> Task :jmods:feature-updates:preDebugBuild UP-TO-DATE
> Task :jmods:feature-updates:writeDebugAarMetadata UP-TO-DATE
> Task :jmods:app:checkDebugAarMetadata UP-TO-DATE
> Task :jmods:app:generateDebugResValues UP-TO-DATE
> Task :jmods:core-auth:generateDebugResValues UP-TO-DATE
> Task :jmods:core-auth:generateDebugResources UP-TO-DATE
> Task :jmods:core-auth:packageDebugResources UP-TO-DATE
> Task :jmods:core-data:generateDebugResValues UP-TO-DATE
> Task :jmods:core-data:generateDebugResources UP-TO-DATE
> Task :jmods:core-data:packageDebugResources UP-TO-DATE
> Task :jmods:core-database:generateDebugResValues UP-TO-DATE
> Task :jmods:core-database:generateDebugResources UP-TO-DATE
> Task :jmods:core-database:packageDebugResources UP-TO-DATE
> Task :jmods:core-domain:generateDebugResValues UP-TO-DATE
> Task :jmods:core-domain:generateDebugResources UP-TO-DATE
> Task :jmods:core-domain:packageDebugResources UP-TO-DATE
> Task :jmods:core-installer:generateDebugResValues UP-TO-DATE
> Task :jmods:core-installer:generateDebugResources UP-TO-DATE
> Task :jmods:core-installer:packageDebugResources UP-TO-DATE
> Task :jmods:core-navigation:generateDebugResValues UP-TO-DATE
> Task :jmods:core-navigation:generateDebugResources UP-TO-DATE
> Task :jmods:core-navigation:packageDebugResources UP-TO-DATE
> Task :jmods:core-network:generateDebugResValues UP-TO-DATE
> Task :jmods:core-network:generateDebugResources UP-TO-DATE
> Task :jmods:core-network:packageDebugResources UP-TO-DATE
> Task :jmods:core-ui:generateDebugResValues UP-TO-DATE
> Task :jmods:core-ui:generateDebugResources UP-TO-DATE
> Task :jmods:core-ui:packageDebugResources UP-TO-DATE
> Task :jmods:feature-categories:generateDebugResValues UP-TO-DATE
> Task :jmods:feature-categories:generateDebugResources UP-TO-DATE
> Task :jmods:feature-categories:packageDebugResources UP-TO-DATE
> Task :jmods:feature-details:generateDebugResValues UP-TO-DATE
> Task :jmods:feature-details:generateDebugResources UP-TO-DATE
> Task :jmods:feature-details:packageDebugResources UP-TO-DATE
> Task :jmods:feature-home:generateDebugResValues UP-TO-DATE
> Task :jmods:feature-home:generateDebugResources UP-TO-DATE
> Task :jmods:feature-home:packageDebugResources UP-TO-DATE
> Task :jmods:feature-search:generateDebugResValues UP-TO-DATE
> Task :jmods:feature-search:generateDebugResources UP-TO-DATE
> Task :jmods:feature-search:packageDebugResources UP-TO-DATE
> Task :jmods:feature-updates:generateDebugResValues UP-TO-DATE
> Task :jmods:feature-updates:generateDebugResources UP-TO-DATE
> Task :jmods:feature-updates:packageDebugResources UP-TO-DATE
> Task :jmods:app:mapDebugSourceSetPaths UP-TO-DATE
> Task :jmods:app:generateDebugResources UP-TO-DATE
> Task :jmods:app:mergeDebugResources UP-TO-DATE
> Task :jmods:app:packageDebugResources UP-TO-DATE
> Task :jmods:app:parseDebugLocalResources UP-TO-DATE
> Task :jmods:app:createDebugCompatibleScreenManifests UP-TO-DATE
> Task :jmods:app:extractDeepLinksDebug UP-TO-DATE
> Task :jmods:core-auth:extractDeepLinksDebug UP-TO-DATE
> Task :jmods:core-auth:processDebugManifest UP-TO-DATE
> Task :jmods:core-data:extractDeepLinksDebug UP-TO-DATE
> Task :jmods:core-data:processDebugManifest UP-TO-DATE
> Task :jmods:core-database:extractDeepLinksDebug UP-TO-DATE
> Task :jmods:core-database:processDebugManifest UP-TO-DATE
> Task :jmods:core-domain:extractDeepLinksDebug UP-TO-DATE
> Task :jmods:core-domain:processDebugManifest UP-TO-DATE
> Task :jmods:core-installer:extractDeepLinksDebug UP-TO-DATE
> Task :jmods:core-installer:processDebugManifest UP-TO-DATE
> Task :jmods:core-navigation:extractDeepLinksDebug UP-TO-DATE
> Task :jmods:core-navigation:processDebugManifest UP-TO-DATE
> Task :jmods:core-network:extractDeepLinksDebug UP-TO-DATE
> Task :jmods:core-network:processDebugManifest UP-TO-DATE
> Task :jmods:core-ui:extractDeepLinksDebug UP-TO-DATE
> Task :jmods:core-ui:processDebugManifest UP-TO-DATE
> Task :jmods:feature-categories:extractDeepLinksDebug UP-TO-DATE
> Task :jmods:feature-categories:processDebugManifest UP-TO-DATE
> Task :jmods:feature-details:extractDeepLinksDebug UP-TO-DATE
> Task :jmods:feature-details:processDebugManifest UP-TO-DATE
> Task :jmods:feature-home:extractDeepLinksDebug UP-TO-DATE
> Task :jmods:feature-home:processDebugManifest UP-TO-DATE
> Task :jmods:feature-search:extractDeepLinksDebug UP-TO-DATE
> Task :jmods:feature-search:processDebugManifest UP-TO-DATE
> Task :jmods:feature-updates:extractDeepLinksDebug UP-TO-DATE
> Task :jmods:feature-updates:processDebugManifest UP-TO-DATE
> Task :jmods:app:processDebugMainManifest UP-TO-DATE
> Task :jmods:app:processDebugManifest UP-TO-DATE
> Task :jmods:app:processDebugManifestForPackage UP-TO-DATE
> Task :jmods:core-auth:compileDebugLibraryResources UP-TO-DATE
> Task :jmods:core-auth:parseDebugLocalResources UP-TO-DATE
> Task :jmods:core-auth:generateDebugRFile UP-TO-DATE
> Task :jmods:core-data:compileDebugLibraryResources UP-TO-DATE
> Task :jmods:core-data:parseDebugLocalResources UP-TO-DATE
> Task :jmods:core-data:generateDebugRFile UP-TO-DATE
> Task :jmods:core-database:compileDebugLibraryResources UP-TO-DATE
> Task :jmods:core-database:parseDebugLocalResources UP-TO-DATE
> Task :jmods:core-database:generateDebugRFile UP-TO-DATE
> Task :jmods:core-domain:compileDebugLibraryResources UP-TO-DATE
> Task :jmods:core-domain:parseDebugLocalResources UP-TO-DATE
> Task :jmods:core-domain:generateDebugRFile UP-TO-DATE
> Task :jmods:core-installer:compileDebugLibraryResources UP-TO-DATE
> Task :jmods:core-installer:parseDebugLocalResources UP-TO-DATE
> Task :jmods:core-installer:generateDebugRFile UP-TO-DATE
> Task :jmods:core-navigation:compileDebugLibraryResources UP-TO-DATE
> Task :jmods:core-navigation:parseDebugLocalResources UP-TO-DATE
> Task :jmods:core-navigation:generateDebugRFile UP-TO-DATE
> Task :jmods:core-network:compileDebugLibraryResources UP-TO-DATE
> Task :jmods:core-network:parseDebugLocalResources UP-TO-DATE
> Task :jmods:core-network:generateDebugRFile UP-TO-DATE
> Task :jmods:core-ui:compileDebugLibraryResources UP-TO-DATE
> Task :jmods:core-ui:parseDebugLocalResources UP-TO-DATE
> Task :jmods:core-ui:generateDebugRFile UP-TO-DATE
> Task :jmods:feature-categories:compileDebugLibraryResources UP-TO-DATE
> Task :jmods:feature-categories:parseDebugLocalResources UP-TO-DATE
> Task :jmods:feature-categories:generateDebugRFile UP-TO-DATE
> Task :jmods:feature-details:compileDebugLibraryResources UP-TO-DATE
> Task :jmods:feature-details:parseDebugLocalResources UP-TO-DATE
> Task :jmods:feature-details:generateDebugRFile UP-TO-DATE
> Task :jmods:feature-home:compileDebugLibraryResources UP-TO-DATE
> Task :jmods:feature-home:parseDebugLocalResources UP-TO-DATE
> Task :jmods:feature-home:generateDebugRFile UP-TO-DATE
> Task :jmods:feature-search:compileDebugLibraryResources UP-TO-DATE
> Task :jmods:feature-search:parseDebugLocalResources UP-TO-DATE
> Task :jmods:feature-search:generateDebugRFile UP-TO-DATE
> Task :jmods:feature-updates:compileDebugLibraryResources UP-TO-DATE
> Task :jmods:feature-updates:parseDebugLocalResources UP-TO-DATE
> Task :jmods:feature-updates:generateDebugRFile UP-TO-DATE
> Task :jmods:app:processDebugResources UP-TO-DATE
> Task :jmods:core-auth:checkKotlinGradlePluginConfigurationErrors SKIPPED
> Task :jmods:core-domain:checkKotlinGradlePluginConfigurationErrors SKIPPED
> Task :jmods:core-domain:compileDebugKotlin UP-TO-DATE
> Task :jmods:core-domain:javaPreCompileDebug UP-TO-DATE
> Task :jmods:core-domain:compileDebugJavaWithJavac NO-SOURCE
> Task :jmods:core-domain:bundleLibCompileToJarDebug UP-TO-DATE
> Task :jmods:core-auth:kspDebugKotlin UP-TO-DATE
> Task :jmods:core-auth:compileDebugKotlin UP-TO-DATE
> Task :jmods:core-auth:javaPreCompileDebug UP-TO-DATE
> Task :jmods:core-auth:compileDebugJavaWithJavac UP-TO-DATE
> Task :jmods:core-domain:bundleLibRuntimeToJarDebug UP-TO-DATE
> Task :jmods:core-auth:transformDebugClassesWithAsm UP-TO-DATE
> Task :jmods:core-auth:bundleLibRuntimeToJarDebug UP-TO-DATE
> Task :jmods:core-data:checkKotlinGradlePluginConfigurationErrors SKIPPED
> Task :jmods:core-database:checkKotlinGradlePluginConfigurationErrors SKIPPED
> Task :jmods:core-database:kspDebugKotlin UP-TO-DATE
> Task :jmods:core-database:compileDebugKotlin UP-TO-DATE
> Task :jmods:core-database:javaPreCompileDebug UP-TO-DATE
> Task :jmods:core-database:compileDebugJavaWithJavac UP-TO-DATE
> Task :jmods:core-database:transformDebugClassesWithAsm UP-TO-DATE
> Task :jmods:core-database:bundleLibCompileToJarDebug UP-TO-DATE
> Task :jmods:core-auth:bundleLibCompileToJarDebug UP-TO-DATE
> Task :jmods:core-network:checkKotlinGradlePluginConfigurationErrors SKIPPED
> Task :jmods:core-network:kspDebugKotlin UP-TO-DATE
> Task :jmods:core-network:compileDebugKotlin UP-TO-DATE
> Task :jmods:core-network:javaPreCompileDebug UP-TO-DATE
> Task :jmods:core-network:compileDebugJavaWithJavac UP-TO-DATE
> Task :jmods:core-network:transformDebugClassesWithAsm UP-TO-DATE
> Task :jmods:core-network:bundleLibCompileToJarDebug UP-TO-DATE
> Task :jmods:core-data:kspDebugKotlin UP-TO-DATE
> Task :jmods:core-data:javaPreCompileDebug UP-TO-DATE
> Task :jmods:core-database:bundleLibRuntimeToJarDebug UP-TO-DATE
> Task :jmods:core-network:bundleLibRuntimeToJarDebug UP-TO-DATE
> Task :jmods:core-navigation:checkKotlinGradlePluginConfigurationErrors SKIPPED
> Task :jmods:core-navigation:compileDebugKotlin UP-TO-DATE
> Task :jmods:core-navigation:javaPreCompileDebug UP-TO-DATE
> Task :jmods:core-navigation:compileDebugJavaWithJavac NO-SOURCE
> Task :jmods:core-navigation:bundleLibCompileToJarDebug UP-TO-DATE
> Task :jmods:core-ui:checkKotlinGradlePluginConfigurationErrors SKIPPED
> Task :jmods:core-ui:compileDebugKotlin UP-TO-DATE
> Task :jmods:core-ui:javaPreCompileDebug UP-TO-DATE
> Task :jmods:core-ui:compileDebugJavaWithJavac NO-SOURCE
> Task :jmods:core-ui:bundleLibCompileToJarDebug UP-TO-DATE
> Task :jmods:core-navigation:bundleLibRuntimeToJarDebug UP-TO-DATE
> Task :jmods:core-ui:bundleLibRuntimeToJarDebug UP-TO-DATE
> Task :jmods:feature-categories:checkKotlinGradlePluginConfigurationErrors SKIPPED
> Task :jmods:feature-categories:kspDebugKotlin UP-TO-DATE
> Task :jmods:feature-categories:compileDebugKotlin UP-TO-DATE
> Task :jmods:feature-categories:javaPreCompileDebug UP-TO-DATE
> Task :jmods:feature-categories:compileDebugJavaWithJavac UP-TO-DATE
> Task :jmods:feature-categories:transformDebugClassesWithAsm UP-TO-DATE
> Task :jmods:feature-categories:bundleLibCompileToJarDebug UP-TO-DATE
> Task :jmods:core-installer:checkKotlinGradlePluginConfigurationErrors SKIPPED
> Task :jmods:core-installer:kspDebugKotlin UP-TO-DATE
> Task :jmods:core-installer:compileDebugKotlin UP-TO-DATE
> Task :jmods:core-installer:javaPreCompileDebug UP-TO-DATE
> Task :jmods:core-installer:compileDebugJavaWithJavac UP-TO-DATE
> Task :jmods:core-installer:transformDebugClassesWithAsm UP-TO-DATE
> Task :jmods:core-installer:bundleLibCompileToJarDebug UP-TO-DATE
> Task :jmods:core-installer:bundleLibRuntimeToJarDebug UP-TO-DATE
> Task :jmods:feature-details:checkKotlinGradlePluginConfigurationErrors SKIPPED
> Task :jmods:feature-details:javaPreCompileDebug UP-TO-DATE
> Task :jmods:feature-home:checkKotlinGradlePluginConfigurationErrors SKIPPED
> Task :jmods:feature-home:kspDebugKotlin UP-TO-DATE
> Task :jmods:feature-home:compileDebugKotlin UP-TO-DATE
> Task :jmods:feature-home:javaPreCompileDebug UP-TO-DATE
> Task :jmods:feature-home:compileDebugJavaWithJavac UP-TO-DATE
> Task :jmods:feature-home:transformDebugClassesWithAsm UP-TO-DATE
> Task :jmods:feature-home:bundleLibCompileToJarDebug UP-TO-DATE
> Task :jmods:feature-search:checkKotlinGradlePluginConfigurationErrors SKIPPED
> Task :jmods:feature-search:kspDebugKotlin UP-TO-DATE
> Task :jmods:feature-search:compileDebugKotlin UP-TO-DATE
> Task :jmods:feature-search:javaPreCompileDebug UP-TO-DATE
> Task :jmods:feature-search:compileDebugJavaWithJavac UP-TO-DATE
> Task :jmods:feature-search:transformDebugClassesWithAsm UP-TO-DATE
> Task :jmods:feature-search:bundleLibCompileToJarDebug UP-TO-DATE
> Task :jmods:feature-updates:checkKotlinGradlePluginConfigurationErrors SKIPPED
> Task :jmods:feature-updates:javaPreCompileDebug UP-TO-DATE
> Task :jmods:app:javaPreCompileDebug UP-TO-DATE
> Task :jmods:app:mergeDebugShaders UP-TO-DATE
> Task :jmods:app:compileDebugShaders NO-SOURCE
> Task :jmods:app:generateDebugAssets UP-TO-DATE
> Task :jmods:core-auth:mergeDebugShaders UP-TO-DATE
> Task :jmods:core-auth:compileDebugShaders NO-SOURCE
> Task :jmods:core-auth:generateDebugAssets UP-TO-DATE
> Task :jmods:core-auth:packageDebugAssets UP-TO-DATE
> Task :jmods:core-data:mergeDebugShaders UP-TO-DATE
> Task :jmods:core-data:compileDebugShaders NO-SOURCE
> Task :jmods:core-data:generateDebugAssets UP-TO-DATE
> Task :jmods:core-data:packageDebugAssets UP-TO-DATE
> Task :jmods:core-database:mergeDebugShaders UP-TO-DATE
> Task :jmods:core-database:compileDebugShaders NO-SOURCE
> Task :jmods:core-database:generateDebugAssets UP-TO-DATE
> Task :jmods:core-database:packageDebugAssets UP-TO-DATE
> Task :jmods:core-domain:mergeDebugShaders UP-TO-DATE
> Task :jmods:core-domain:compileDebugShaders NO-SOURCE
> Task :jmods:core-domain:generateDebugAssets UP-TO-DATE
> Task :jmods:core-domain:packageDebugAssets UP-TO-DATE
> Task :jmods:core-installer:mergeDebugShaders UP-TO-DATE
> Task :jmods:core-installer:compileDebugShaders NO-SOURCE
> Task :jmods:core-installer:generateDebugAssets UP-TO-DATE
> Task :jmods:core-installer:packageDebugAssets UP-TO-DATE
> Task :jmods:core-navigation:mergeDebugShaders UP-TO-DATE
> Task :jmods:core-navigation:compileDebugShaders NO-SOURCE
> Task :jmods:core-navigation:generateDebugAssets UP-TO-DATE
> Task :jmods:core-navigation:packageDebugAssets UP-TO-DATE
> Task :jmods:core-network:mergeDebugShaders UP-TO-DATE
> Task :jmods:core-network:compileDebugShaders NO-SOURCE
> Task :jmods:core-network:generateDebugAssets UP-TO-DATE
> Task :jmods:core-network:packageDebugAssets UP-TO-DATE
> Task :jmods:core-ui:mergeDebugShaders UP-TO-DATE
> Task :jmods:core-ui:compileDebugShaders NO-SOURCE
> Task :jmods:core-ui:generateDebugAssets UP-TO-DATE
> Task :jmods:core-ui:packageDebugAssets UP-TO-DATE
> Task :jmods:feature-categories:mergeDebugShaders UP-TO-DATE
> Task :jmods:feature-categories:compileDebugShaders NO-SOURCE
> Task :jmods:feature-categories:generateDebugAssets UP-TO-DATE
> Task :jmods:feature-categories:packageDebugAssets UP-TO-DATE
> Task :jmods:feature-details:mergeDebugShaders UP-TO-DATE
> Task :jmods:feature-details:compileDebugShaders NO-SOURCE
> Task :jmods:feature-details:generateDebugAssets UP-TO-DATE
> Task :jmods:feature-details:packageDebugAssets UP-TO-DATE
> Task :jmods:feature-home:mergeDebugShaders UP-TO-DATE
> Task :jmods:feature-home:compileDebugShaders NO-SOURCE
> Task :jmods:feature-home:generateDebugAssets UP-TO-DATE
> Task :jmods:feature-home:packageDebugAssets UP-TO-DATE
> Task :jmods:feature-search:mergeDebugShaders UP-TO-DATE
> Task :jmods:feature-search:compileDebugShaders NO-SOURCE
> Task :jmods:feature-search:generateDebugAssets UP-TO-DATE
> Task :jmods:feature-search:packageDebugAssets UP-TO-DATE
> Task :jmods:feature-updates:mergeDebugShaders UP-TO-DATE
> Task :jmods:feature-updates:compileDebugShaders NO-SOURCE
> Task :jmods:feature-updates:generateDebugAssets UP-TO-DATE
> Task :jmods:feature-updates:packageDebugAssets UP-TO-DATE
> Task :jmods:app:mergeDebugAssets UP-TO-DATE
> Task :jmods:app:compressDebugAssets UP-TO-DATE
> Task :jmods:feature-home:bundleLibRuntimeToJarDebug UP-TO-DATE
> Task :jmods:feature-categories:bundleLibRuntimeToJarDebug UP-TO-DATE
> Task :jmods:feature-search:bundleLibRuntimeToJarDebug UP-TO-DATE
> Task :jmods:app:desugarDebugFileDependencies UP-TO-DATE
> Task :jmods:core-auth:processDebugJavaRes UP-TO-DATE
> Task :jmods:core-database:processDebugJavaRes UP-TO-DATE
> Task :jmods:core-domain:processDebugJavaRes UP-TO-DATE
> Task :jmods:core-installer:processDebugJavaRes UP-TO-DATE
> Task :jmods:core-navigation:processDebugJavaRes UP-TO-DATE
> Task :jmods:core-network:processDebugJavaRes UP-TO-DATE
> Task :jmods:core-ui:processDebugJavaRes UP-TO-DATE
> Task :jmods:feature-categories:processDebugJavaRes UP-TO-DATE
> Task :jmods:feature-home:processDebugJavaRes UP-TO-DATE
> Task :jmods:feature-search:processDebugJavaRes UP-TO-DATE
> Task :jmods:app:checkDebugDuplicateClasses UP-TO-DATE
> Task :jmods:app:mergeExtDexDebug UP-TO-DATE
> Task :jmods:core-network:bundleLibRuntimeToDirDebug UP-TO-DATE
> Task :jmods:feature-home:bundleLibRuntimeToDirDebug UP-TO-DATE
> Task :jmods:feature-categories:bundleLibRuntimeToDirDebug UP-TO-DATE
> Task :jmods:feature-search:bundleLibRuntimeToDirDebug UP-TO-DATE
> Task :jmods:core-ui:bundleLibRuntimeToDirDebug UP-TO-DATE
> Task :jmods:core-auth:bundleLibRuntimeToDirDebug UP-TO-DATE
> Task :jmods:core-installer:bundleLibRuntimeToDirDebug UP-TO-DATE
> Task :jmods:core-domain:bundleLibRuntimeToDirDebug UP-TO-DATE
> Task :jmods:core-navigation:bundleLibRuntimeToDirDebug UP-TO-DATE
> Task :jmods:core-database:bundleLibRuntimeToDirDebug UP-TO-DATE
> Task :jmods:app:mergeDebugJniLibFolders UP-TO-DATE
> Task :jmods:core-auth:mergeDebugJniLibFolders UP-TO-DATE
> Task :jmods:core-auth:mergeDebugNativeLibs NO-SOURCE
> Task :jmods:core-auth:copyDebugJniLibsProjectOnly UP-TO-DATE
> Task :jmods:core-data:mergeDebugJniLibFolders UP-TO-DATE
> Task :jmods:core-data:mergeDebugNativeLibs NO-SOURCE
> Task :jmods:core-data:copyDebugJniLibsProjectOnly UP-TO-DATE
> Task :jmods:core-database:mergeDebugJniLibFolders UP-TO-DATE
> Task :jmods:core-database:mergeDebugNativeLibs NO-SOURCE
> Task :jmods:core-database:copyDebugJniLibsProjectOnly UP-TO-DATE
> Task :jmods:core-domain:mergeDebugJniLibFolders UP-TO-DATE
> Task :jmods:core-domain:mergeDebugNativeLibs NO-SOURCE
> Task :jmods:core-domain:copyDebugJniLibsProjectOnly UP-TO-DATE
> Task :jmods:core-installer:mergeDebugJniLibFolders UP-TO-DATE
> Task :jmods:core-installer:mergeDebugNativeLibs NO-SOURCE
> Task :jmods:core-installer:copyDebugJniLibsProjectOnly UP-TO-DATE
> Task :jmods:core-navigation:mergeDebugJniLibFolders UP-TO-DATE
> Task :jmods:core-navigation:mergeDebugNativeLibs NO-SOURCE
> Task :jmods:core-navigation:copyDebugJniLibsProjectOnly UP-TO-DATE
> Task :jmods:core-network:mergeDebugJniLibFolders UP-TO-DATE
> Task :jmods:core-network:mergeDebugNativeLibs NO-SOURCE
> Task :jmods:core-network:copyDebugJniLibsProjectOnly UP-TO-DATE
> Task :jmods:core-ui:mergeDebugJniLibFolders UP-TO-DATE
> Task :jmods:core-ui:mergeDebugNativeLibs NO-SOURCE
> Task :jmods:core-ui:copyDebugJniLibsProjectOnly UP-TO-DATE
> Task :jmods:feature-categories:mergeDebugJniLibFolders UP-TO-DATE
> Task :jmods:feature-categories:mergeDebugNativeLibs NO-SOURCE
> Task :jmods:feature-categories:copyDebugJniLibsProjectOnly UP-TO-DATE
> Task :jmods:feature-details:mergeDebugJniLibFolders UP-TO-DATE
> Task :jmods:feature-details:mergeDebugNativeLibs NO-SOURCE
> Task :jmods:feature-details:copyDebugJniLibsProjectOnly UP-TO-DATE
> Task :jmods:feature-home:mergeDebugJniLibFolders UP-TO-DATE
> Task :jmods:feature-home:mergeDebugNativeLibs NO-SOURCE
> Task :jmods:feature-home:copyDebugJniLibsProjectOnly UP-TO-DATE
> Task :jmods:feature-search:mergeDebugJniLibFolders UP-TO-DATE
> Task :jmods:feature-search:mergeDebugNativeLibs NO-SOURCE
> Task :jmods:feature-search:copyDebugJniLibsProjectOnly UP-TO-DATE
> Task :jmods:feature-updates:mergeDebugJniLibFolders UP-TO-DATE
> Task :jmods:feature-updates:mergeDebugNativeLibs NO-SOURCE
> Task :jmods:feature-updates:copyDebugJniLibsProjectOnly UP-TO-DATE
> Task :jmods:app:mergeDebugNativeLibs UP-TO-DATE
> Task :jmods:app:stripDebugDebugSymbols UP-TO-DATE
> Task :jmods:app:validateSigningDebug UP-TO-DATE
> Task :jmods:app:writeDebugAppMetadata UP-TO-DATE
> Task :jmods:app:writeDebugSigningConfigVersions UP-TO-DATE

> Task :jmods:core-data:compileDebugKotlin FAILED
e: file:///app/jmods-android/core-data/src/main/kotlin/com/jmods/data/repository/AppRepositoryImpl.kt:49:13 Unresolved reference 'searchApps'.
e: file:///app/jmods-android/core-data/src/main/kotlin/com/jmods/data/repository/AppRepositoryImpl.kt:49:41 Cannot infer type for this parameter. Please specify it explicitly.
e: file:///app/jmods-android/core-data/src/main/kotlin/com/jmods/data/repository/AppRepositoryImpl.kt:50:13 Suspension functions can only be called within coroutine body.
e: file:///app/jmods-android/core-data/src/main/kotlin/com/jmods/data/repository/AppRepositoryImpl.kt:50:18 Argument type mismatch: actual type is 'kotlinx.coroutines.flow.Flow<R>', but 'kotlin.collections.List<com.jmods.domain.model.App>' was expected.
e: file:///app/jmods-android/core-data/src/main/kotlin/com/jmods/data/repository/AppRepositoryImpl.kt:50:23 Cannot infer type for this parameter. Please specify it explicitly.
e: file:///app/jmods-android/core-data/src/main/kotlin/com/jmods/data/repository/AppRepositoryImpl.kt:50:27 Cannot infer type for this parameter. Please specify it explicitly.
e: file:///app/jmods-android/core-data/src/main/kotlin/com/jmods/data/repository/AppRepositoryImpl.kt:65:51 Only safe (?.) or non-null asserted (!!.) calls are allowed on a nullable receiver of type 'android.content.pm.ApplicationInfo?'.
e: file:///app/jmods-android/core-data/src/main/kotlin/com/jmods/data/repository/AppRepositoryImpl.kt:82:29 Unresolved reference 'versionCode'.

[Incubating] Problems report is available at: file:///app/build/reports/problems/problems-report.html

FAILURE: Build failed with an exception.

* What went wrong:
Execution failed for task ':jmods:core-data:compileDebugKotlin'.
> A failure occurred while executing org.jetbrains.kotlin.compilerRunner.GradleCompilerRunnerWithWorkers$GradleKotlinCompilerWorkAction
   > Compilation error. See log for more details

* Try:
> Run with --stacktrace option to get the stack trace.
> Run with --info or --debug option to get more log output.
> Run with --scan to get full insights.
> Get more help at https://help.gradle.org.

Deprecated Gradle features were used in this build, making it incompatible with Gradle 9.0.

You can use '--warning-mode all' to show the individual deprecation warnings and determine if they come from your own scripts or plugins.

For more on this, please refer to https://docs.gradle.org/8.12/userguide/command_line_interface.html#sec:command_line_warnings in the Gradle documentation.

BUILD FAILED in 7s
281 actionable tasks: 1 executed, 280 up-to-date
